cf517718254c
*** Found local files:
***   * /opt/airflow/logs/dag_id=batch_kafka_spark_pipeline/run_id=manual__2026-05-19T17:25:39.993381+00:00/task_id=run_ml_sentiment_analysis/attempt=1.log
[2026-05-19T17:25:43.086+0000] {local_task_job_runner.py:123} INFO - ::group::Pre task execution logs
[2026-05-19T17:25:43.091+0000] {taskinstance.py:2612} INFO - Dependencies all met for dep_context=non-requeueable deps ti=<TaskInstance: batch_kafka_spark_pipeline.run_ml_sentiment_analysis manual__2026-05-19T17:25:39.993381+00:00 [queued]>
[2026-05-19T17:25:43.093+0000] {taskinstance.py:2612} INFO - Dependencies all met for dep_context=requeueable deps ti=<TaskInstance: batch_kafka_spark_pipeline.run_ml_sentiment_analysis manual__2026-05-19T17:25:39.993381+00:00 [queued]>
[2026-05-19T17:25:43.093+0000] {taskinstance.py:2865} INFO - Starting attempt 1 of 3
[2026-05-19T17:25:43.096+0000] {taskinstance.py:2888} INFO - Executing <Task(BashOperator): run_ml_sentiment_analysis> on 2026-05-19 17:25:39.993381+00:00
[2026-05-19T17:25:43.099+0000] {logging_mixin.py:190} WARNING - /home/airflow/.local/lib/python3.12/site-packages/airflow/task/task_runner/standard_task_runner.py:70 DeprecationWarning: This process (pid=491) is multi-threaded, use of fork() may lead to deadlocks in the child.
[2026-05-19T17:25:43.099+0000] {standard_task_runner.py:72} INFO - Started process 492 to run task
[2026-05-19T17:25:43.099+0000] {standard_task_runner.py:104} INFO - Running: ['airflow', 'tasks', 'run', 'batch_kafka_spark_pipeline', 'run_ml_sentiment_analysis', 'manual__2026-05-19T17:25:39.993381+00:00', '--job-id', '86', '--raw', '--subdir', 'DAGS_FOLDER/batch_pipeline_dag.py', '--cfg-path', '/tmp/tmpwgjjo0qo']
[2026-05-19T17:25:43.100+0000] {standard_task_runner.py:105} INFO - Job 86: Subtask run_ml_sentiment_analysis
[2026-05-19T17:25:43.106+0000] {logging_mixin.py:190} WARNING - /home/airflow/.local/lib/python3.12/site-packages/airflow/settings.py:209 DeprecationWarning: The sql_alchemy_conn option in [core] has been moved to the sql_alchemy_conn option in [database] - the old setting has been used, but please update your config.
[2026-05-19T17:25:43.118+0000] {task_command.py:467} INFO - Running <TaskInstance: batch_kafka_spark_pipeline.run_ml_sentiment_analysis manual__2026-05-19T17:25:39.993381+00:00 [running]> on host cf517718254c
[2026-05-19T17:25:43.154+0000] {taskinstance.py:3131} INFO - Exporting env vars: AIRFLOW_CTX_DAG_OWNER='airflow' AIRFLOW_CTX_DAG_ID='batch_kafka_spark_pipeline' AIRFLOW_CTX_TASK_ID='run_ml_sentiment_analysis' AIRFLOW_CTX_EXECUTION_DATE='2026-05-19T17:25:39.993381+00:00' AIRFLOW_CTX_TRY_NUMBER='1' AIRFLOW_CTX_DAG_RUN_ID='manual__2026-05-19T17:25:39.993381+00:00'
[2026-05-19T17:25:43.154+0000] {taskinstance.py:731} INFO - ::endgroup::
[2026-05-19T17:25:43.159+0000] {subprocess.py:63} INFO - Tmp dir root location: /tmp
[2026-05-19T17:25:43.159+0000] {subprocess.py:75} INFO - Running command: ['/usr/bin/bash', '-c', '\n        HOST_PROJECT_DIR=$(docker inspect $(hostname) | python3 -c "import sys,json; mounts=json.load(sys.stdin)[0][\'Mounts\']; print(next(m[\'Source\'] for m in mounts if m[\'Destination\']==\'/project\'))")\n        HOST_DATA_DIR="${HOST_PROJECT_DIR}/data"\n        mkdir -p "${HOST_DATA_DIR}"\n        echo "Writing results to host path: ${HOST_DATA_DIR}"\n        docker run --rm           --network big-data-project_default           -v "${HOST_DATA_DIR}:/results"           big-data-project-spark-job:latest         && echo "ML sentiment analysis complete"\n        ']
[2026-05-19T17:25:43.161+0000] {subprocess.py:86} INFO - Output:
[2026-05-19T17:25:43.197+0000] {subprocess.py:93} INFO - mkdir: cannot create directory ‘/Users’: Permission denied
[2026-05-19T17:25:43.198+0000] {subprocess.py:93} INFO - Writing results to host path: /Users/mervedin/Desktop/big_data/big-data-project/data
[2026-05-19T17:25:43.815+0000] {subprocess.py:93} INFO - :: loading settings :: url = jar:file:/opt/spark/jars/ivy-2.5.1.jar!/org/apache/ivy/core/settings/ivysettings.xml
[2026-05-19T17:25:43.842+0000] {subprocess.py:93} INFO - Ivy Default Cache set to: /root/.ivy2/cache
[2026-05-19T17:25:43.843+0000] {subprocess.py:93} INFO - The jars for the packages stored in: /root/.ivy2/jars
[2026-05-19T17:25:43.844+0000] {subprocess.py:93} INFO - org.apache.spark#spark-sql-kafka-0-10_2.12 added as a dependency
[2026-05-19T17:25:43.844+0000] {subprocess.py:93} INFO - :: resolving dependencies :: org.apache.spark#spark-submit-parent-4b4390b6-a57c-4ffa-b1b0-6b931788b60c;1.0
[2026-05-19T17:25:43.844+0000] {subprocess.py:93} INFO - 	confs: [default]
[2026-05-19T17:25:45.723+0000] {subprocess.py:93} INFO - 	found org.apache.spark#spark-sql-kafka-0-10_2.12;3.5.1 in central
[2026-05-19T17:25:45.838+0000] {subprocess.py:93} INFO - 	found org.apache.spark#spark-token-provider-kafka-0-10_2.12;3.5.1 in central
[2026-05-19T17:25:45.917+0000] {subprocess.py:93} INFO - 	found org.apache.kafka#kafka-clients;3.4.1 in central
[2026-05-19T17:25:45.981+0000] {subprocess.py:93} INFO - 	found org.lz4#lz4-java;1.8.0 in central
[2026-05-19T17:25:46.044+0000] {subprocess.py:93} INFO - 	found org.xerial.snappy#snappy-java;1.1.10.3 in central
[2026-05-19T17:25:46.920+0000] {subprocess.py:93} INFO - 	found org.slf4j#slf4j-api;2.0.7 in central
[2026-05-19T17:25:48.028+0000] {subprocess.py:93} INFO - 	found org.apache.hadoop#hadoop-client-runtime;3.3.4 in central
[2026-05-19T17:25:48.086+0000] {subprocess.py:93} INFO - 	found org.apache.hadoop#hadoop-client-api;3.3.4 in central
[2026-05-19T17:25:49.175+0000] {subprocess.py:93} INFO - 	found commons-logging#commons-logging;1.1.3 in central
[2026-05-19T17:25:49.221+0000] {subprocess.py:93} INFO - 	found com.google.code.findbugs#jsr305;3.0.0 in central
[2026-05-19T17:25:51.429+0000] {subprocess.py:93} INFO - 	found org.apache.commons#commons-pool2;2.11.1 in central
[2026-05-19T17:25:51.456+0000] {subprocess.py:93} INFO - downloading https://repo1.maven.org/maven2/org/apache/spark/spark-sql-kafka-0-10_2.12/3.5.1/spark-sql-kafka-0-10_2.12-3.5.1.jar ...
[2026-05-19T17:25:51.526+0000] {subprocess.py:93} INFO - 	[SUCCESSFUL ] org.apache.spark#spark-sql-kafka-0-10_2.12;3.5.1!spark-sql-kafka-0-10_2.12.jar (90ms)
[2026-05-19T17:25:51.545+0000] {subprocess.py:93} INFO - downloading https://repo1.maven.org/maven2/org/apache/spark/spark-token-provider-kafka-0-10_2.12/3.5.1/spark-token-provider-kafka-0-10_2.12-3.5.1.jar ...
[2026-05-19T17:25:51.569+0000] {subprocess.py:93} INFO - 	[SUCCESSFUL ] org.apache.spark#spark-token-provider-kafka-0-10_2.12;3.5.1!spark-token-provider-kafka-0-10_2.12.jar (43ms)
[2026-05-19T17:25:51.588+0000] {subprocess.py:93} INFO - downloading https://repo1.maven.org/maven2/org/apache/kafka/kafka-clients/3.4.1/kafka-clients-3.4.1.jar ...
[2026-05-19T17:25:52.039+0000] {subprocess.py:93} INFO - 	[SUCCESSFUL ] org.apache.kafka#kafka-clients;3.4.1!kafka-clients.jar (469ms)
[2026-05-19T17:25:52.061+0000] {subprocess.py:93} INFO - downloading https://repo1.maven.org/maven2/com/google/code/findbugs/jsr305/3.0.0/jsr305-3.0.0.jar ...
[2026-05-19T17:25:52.080+0000] {subprocess.py:93} INFO - 	[SUCCESSFUL ] com.google.code.findbugs#jsr305;3.0.0!jsr305.jar (40ms)
[2026-05-19T17:25:52.097+0000] {subprocess.py:93} INFO - downloading https://repo1.maven.org/maven2/org/apache/commons/commons-pool2/2.11.1/commons-pool2-2.11.1.jar ...
[2026-05-19T17:25:52.130+0000] {subprocess.py:93} INFO - 	[SUCCESSFUL ] org.apache.commons#commons-pool2;2.11.1!commons-pool2.jar (50ms)
[2026-05-19T17:25:52.150+0000] {subprocess.py:93} INFO - downloading https://repo1.maven.org/maven2/org/apache/hadoop/hadoop-client-runtime/3.3.4/hadoop-client-runtime-3.3.4.jar ...
[2026-05-19T17:25:56.469+0000] {subprocess.py:93} INFO - 	[SUCCESSFUL ] org.apache.hadoop#hadoop-client-runtime;3.3.4!hadoop-client-runtime.jar (4338ms)
[2026-05-19T17:25:56.487+0000] {subprocess.py:93} INFO - downloading https://repo1.maven.org/maven2/org/lz4/lz4-java/1.8.0/lz4-java-1.8.0.jar ...
[2026-05-19T17:25:56.565+0000] {subprocess.py:93} INFO - 	[SUCCESSFUL ] org.lz4#lz4-java;1.8.0!lz4-java.jar (95ms)
[2026-05-19T17:25:56.587+0000] {subprocess.py:93} INFO - downloading https://repo1.maven.org/maven2/org/xerial/snappy/snappy-java/1.1.10.3/snappy-java-1.1.10.3.jar ...
[2026-05-19T17:25:56.782+0000] {subprocess.py:93} INFO - 	[SUCCESSFUL ] org.xerial.snappy#snappy-java;1.1.10.3!snappy-java.jar(bundle) (216ms)
[2026-05-19T17:25:56.801+0000] {subprocess.py:93} INFO - downloading https://repo1.maven.org/maven2/org/slf4j/slf4j-api/2.0.7/slf4j-api-2.0.7.jar ...
[2026-05-19T17:25:56.825+0000] {subprocess.py:93} INFO - 	[SUCCESSFUL ] org.slf4j#slf4j-api;2.0.7!slf4j-api.jar (41ms)
[2026-05-19T17:25:56.850+0000] {subprocess.py:93} INFO - downloading https://repo1.maven.org/maven2/org/apache/hadoop/hadoop-client-api/3.3.4/hadoop-client-api-3.3.4.jar ...
[2026-05-19T17:25:58.532+0000] {subprocess.py:93} INFO - 	[SUCCESSFUL ] org.apache.hadoop#hadoop-client-api;3.3.4!hadoop-client-api.jar (1706ms)
[2026-05-19T17:25:58.551+0000] {subprocess.py:93} INFO - downloading https://repo1.maven.org/maven2/commons-logging/commons-logging/1.1.3/commons-logging-1.1.3.jar ...
[2026-05-19T17:25:58.574+0000] {subprocess.py:93} INFO - 	[SUCCESSFUL ] commons-logging#commons-logging;1.1.3!commons-logging.jar (40ms)
[2026-05-19T17:25:58.575+0000] {subprocess.py:93} INFO - :: resolution report :: resolve 7591ms :: artifacts dl 7138ms
[2026-05-19T17:25:58.575+0000] {subprocess.py:93} INFO - 	:: modules in use:
[2026-05-19T17:25:58.575+0000] {subprocess.py:93} INFO - 	com.google.code.findbugs#jsr305;3.0.0 from central in [default]
[2026-05-19T17:25:58.575+0000] {subprocess.py:93} INFO - 	commons-logging#commons-logging;1.1.3 from central in [default]
[2026-05-19T17:25:58.576+0000] {subprocess.py:93} INFO - 	org.apache.commons#commons-pool2;2.11.1 from central in [default]
[2026-05-19T17:25:58.576+0000] {subprocess.py:93} INFO - 	org.apache.hadoop#hadoop-client-api;3.3.4 from central in [default]
[2026-05-19T17:25:58.576+0000] {subprocess.py:93} INFO - 	org.apache.hadoop#hadoop-client-runtime;3.3.4 from central in [default]
[2026-05-19T17:25:58.576+0000] {subprocess.py:93} INFO - 	org.apache.kafka#kafka-clients;3.4.1 from central in [default]
[2026-05-19T17:25:58.576+0000] {subprocess.py:93} INFO - 	org.apache.spark#spark-sql-kafka-0-10_2.12;3.5.1 from central in [default]
[2026-05-19T17:25:58.577+0000] {subprocess.py:93} INFO - 	org.apache.spark#spark-token-provider-kafka-0-10_2.12;3.5.1 from central in [default]
[2026-05-19T17:25:58.577+0000] {subprocess.py:93} INFO - 	org.lz4#lz4-java;1.8.0 from central in [default]
[2026-05-19T17:25:58.577+0000] {subprocess.py:93} INFO - 	org.slf4j#slf4j-api;2.0.7 from central in [default]
[2026-05-19T17:25:58.577+0000] {subprocess.py:93} INFO - 	org.xerial.snappy#snappy-java;1.1.10.3 from central in [default]
[2026-05-19T17:25:58.578+0000] {subprocess.py:93} INFO - 	---------------------------------------------------------------------
[2026-05-19T17:25:58.578+0000] {subprocess.py:93} INFO - 	|                  |            modules            ||   artifacts   |
[2026-05-19T17:25:58.578+0000] {subprocess.py:93} INFO - 	|       conf       | number| search|dwnlded|evicted|| number|dwnlded|
[2026-05-19T17:25:58.578+0000] {subprocess.py:93} INFO - 	---------------------------------------------------------------------
[2026-05-19T17:25:58.578+0000] {subprocess.py:93} INFO - 	|      default     |   11  |   11  |   11  |   0   ||   11  |   11  |
[2026-05-19T17:25:58.579+0000] {subprocess.py:93} INFO - 	---------------------------------------------------------------------
[2026-05-19T17:25:58.579+0000] {subprocess.py:93} INFO - :: retrieving :: org.apache.spark#spark-submit-parent-4b4390b6-a57c-4ffa-b1b0-6b931788b60c
[2026-05-19T17:25:58.579+0000] {subprocess.py:93} INFO - 	confs: [default]
[2026-05-19T17:25:58.606+0000] {subprocess.py:93} INFO - 	11 artifacts copied, 0 already retrieved (56767kB/27ms)
[2026-05-19T17:25:58.669+0000] {subprocess.py:93} INFO - 26/05/19 17:25:58 WARN NativeCodeLoader: Unable to load native-hadoop library for your platform... using builtin-java classes where applicable
[2026-05-19T17:26:06.873+0000] {subprocess.py:93} INFO - 26/05/19 17:26:06 INFO SparkContext: Running Spark version 3.5.1
[2026-05-19T17:26:06.874+0000] {subprocess.py:93} INFO - 26/05/19 17:26:06 INFO SparkContext: OS info Linux, 6.12.76-linuxkit, aarch64
[2026-05-19T17:26:06.874+0000] {subprocess.py:93} INFO - 26/05/19 17:26:06 INFO SparkContext: Java version 11.0.22
[2026-05-19T17:26:06.879+0000] {subprocess.py:93} INFO - 26/05/19 17:26:06 INFO ResourceUtils: ==============================================================
[2026-05-19T17:26:06.880+0000] {subprocess.py:93} INFO - 26/05/19 17:26:06 INFO ResourceUtils: No custom resources configured for spark.driver.
[2026-05-19T17:26:06.880+0000] {subprocess.py:93} INFO - 26/05/19 17:26:06 INFO ResourceUtils: ==============================================================
[2026-05-19T17:26:06.880+0000] {subprocess.py:93} INFO - 26/05/19 17:26:06 INFO SparkContext: Submitted application: KafkaSparkBatchSentiment
[2026-05-19T17:26:06.885+0000] {subprocess.py:93} INFO - 26/05/19 17:26:06 INFO ResourceProfile: Default ResourceProfile created, executor resources: Map(cores -> name: cores, amount: 1, script: , vendor: , memory -> name: memory, amount: 1024, script: , vendor: , offHeap -> name: offHeap, amount: 0, script: , vendor: ), task resources: Map(cpus -> name: cpus, amount: 1.0)
[2026-05-19T17:26:06.890+0000] {subprocess.py:93} INFO - 26/05/19 17:26:06 INFO ResourceProfile: Limiting resource is cpu
[2026-05-19T17:26:06.890+0000] {subprocess.py:93} INFO - 26/05/19 17:26:06 INFO ResourceProfileManager: Added ResourceProfile id: 0
[2026-05-19T17:26:06.905+0000] {subprocess.py:93} INFO - 26/05/19 17:26:06 INFO SecurityManager: Changing view acls to: root
[2026-05-19T17:26:06.905+0000] {subprocess.py:93} INFO - 26/05/19 17:26:06 INFO SecurityManager: Changing modify acls to: root
[2026-05-19T17:26:06.906+0000] {subprocess.py:93} INFO - 26/05/19 17:26:06 INFO SecurityManager: Changing view acls groups to:
[2026-05-19T17:26:06.906+0000] {subprocess.py:93} INFO - 26/05/19 17:26:06 INFO SecurityManager: Changing modify acls groups to:
[2026-05-19T17:26:06.906+0000] {subprocess.py:93} INFO - 26/05/19 17:26:06 INFO SecurityManager: SecurityManager: authentication disabled; ui acls disabled; users with view permissions: root; groups with view permissions: EMPTY; users with modify permissions: root; groups with modify permissions: EMPTY
[2026-05-19T17:26:06.975+0000] {subprocess.py:93} INFO - 26/05/19 17:26:06 INFO Utils: Successfully started service 'sparkDriver' on port 33265.
[2026-05-19T17:26:06.983+0000] {subprocess.py:93} INFO - 26/05/19 17:26:06 INFO SparkEnv: Registering MapOutputTracker
[2026-05-19T17:26:06.993+0000] {subprocess.py:93} INFO - 26/05/19 17:26:06 INFO SparkEnv: Registering BlockManagerMaster
[2026-05-19T17:26:06.998+0000] {subprocess.py:93} INFO - 26/05/19 17:26:06 INFO BlockManagerMasterEndpoint: Using org.apache.spark.storage.DefaultTopologyMapper for getting topology information
[2026-05-19T17:26:06.998+0000] {subprocess.py:93} INFO - 26/05/19 17:26:06 INFO BlockManagerMasterEndpoint: BlockManagerMasterEndpoint up
[2026-05-19T17:26:06.999+0000] {subprocess.py:93} INFO - 26/05/19 17:26:06 INFO SparkEnv: Registering BlockManagerMasterHeartbeat
[2026-05-19T17:26:07.007+0000] {subprocess.py:93} INFO - 26/05/19 17:26:07 INFO DiskBlockManager: Created local directory at /tmp/blockmgr-219c4649-2930-44a8-b68e-206788d77566
[2026-05-19T17:26:07.011+0000] {subprocess.py:93} INFO - 26/05/19 17:26:07 INFO MemoryStore: MemoryStore started with capacity 434.4 MiB
[2026-05-19T17:26:07.016+0000] {subprocess.py:93} INFO - 26/05/19 17:26:07 INFO SparkEnv: Registering OutputCommitCoordinator
[2026-05-19T17:26:07.063+0000] {subprocess.py:93} INFO - 26/05/19 17:26:07 INFO JettyUtils: Start Jetty 0.0.0.0:4040 for SparkUI
[2026-05-19T17:26:07.086+0000] {subprocess.py:93} INFO - 26/05/19 17:26:07 INFO Utils: Successfully started service 'SparkUI' on port 4040.
[2026-05-19T17:26:07.099+0000] {subprocess.py:93} INFO - 26/05/19 17:26:07 INFO SparkContext: Added JAR file:///root/.ivy2/jars/org.apache.spark_spark-sql-kafka-0-10_2.12-3.5.1.jar at spark://41c1c71ec12e:33265/jars/org.apache.spark_spark-sql-kafka-0-10_2.12-3.5.1.jar with timestamp 1779211566870
[2026-05-19T17:26:07.099+0000] {subprocess.py:93} INFO - 26/05/19 17:26:07 INFO SparkContext: Added JAR file:///root/.ivy2/jars/org.apache.spark_spark-token-provider-kafka-0-10_2.12-3.5.1.jar at spark://41c1c71ec12e:33265/jars/org.apache.spark_spark-token-provider-kafka-0-10_2.12-3.5.1.jar with timestamp 1779211566870
[2026-05-19T17:26:07.100+0000] {subprocess.py:93} INFO - 26/05/19 17:26:07 INFO SparkContext: Added JAR file:///root/.ivy2/jars/org.apache.kafka_kafka-clients-3.4.1.jar at spark://41c1c71ec12e:33265/jars/org.apache.kafka_kafka-clients-3.4.1.jar with timestamp 1779211566870
[2026-05-19T17:26:07.100+0000] {subprocess.py:93} INFO - 26/05/19 17:26:07 INFO SparkContext: Added JAR file:///root/.ivy2/jars/com.google.code.findbugs_jsr305-3.0.0.jar at spark://41c1c71ec12e:33265/jars/com.google.code.findbugs_jsr305-3.0.0.jar with timestamp 1779211566870
[2026-05-19T17:26:07.100+0000] {subprocess.py:93} INFO - 26/05/19 17:26:07 INFO SparkContext: Added JAR file:///root/.ivy2/jars/org.apache.commons_commons-pool2-2.11.1.jar at spark://41c1c71ec12e:33265/jars/org.apache.commons_commons-pool2-2.11.1.jar with timestamp 1779211566870
[2026-05-19T17:26:07.100+0000] {subprocess.py:93} INFO - 26/05/19 17:26:07 INFO SparkContext: Added JAR file:///root/.ivy2/jars/org.apache.hadoop_hadoop-client-runtime-3.3.4.jar at spark://41c1c71ec12e:33265/jars/org.apache.hadoop_hadoop-client-runtime-3.3.4.jar with timestamp 1779211566870
[2026-05-19T17:26:07.100+0000] {subprocess.py:93} INFO - 26/05/19 17:26:07 INFO SparkContext: Added JAR file:///root/.ivy2/jars/org.lz4_lz4-java-1.8.0.jar at spark://41c1c71ec12e:33265/jars/org.lz4_lz4-java-1.8.0.jar with timestamp 1779211566870
[2026-05-19T17:26:07.100+0000] {subprocess.py:93} INFO - 26/05/19 17:26:07 INFO SparkContext: Added JAR file:///root/.ivy2/jars/org.xerial.snappy_snappy-java-1.1.10.3.jar at spark://41c1c71ec12e:33265/jars/org.xerial.snappy_snappy-java-1.1.10.3.jar with timestamp 1779211566870
[2026-05-19T17:26:07.100+0000] {subprocess.py:93} INFO - 26/05/19 17:26:07 INFO SparkContext: Added JAR file:///root/.ivy2/jars/org.slf4j_slf4j-api-2.0.7.jar at spark://41c1c71ec12e:33265/jars/org.slf4j_slf4j-api-2.0.7.jar with timestamp 1779211566870
[2026-05-19T17:26:07.100+0000] {subprocess.py:93} INFO - 26/05/19 17:26:07 INFO SparkContext: Added JAR file:///root/.ivy2/jars/org.apache.hadoop_hadoop-client-api-3.3.4.jar at spark://41c1c71ec12e:33265/jars/org.apache.hadoop_hadoop-client-api-3.3.4.jar with timestamp 1779211566870
[2026-05-19T17:26:07.101+0000] {subprocess.py:93} INFO - 26/05/19 17:26:07 INFO SparkContext: Added JAR file:///root/.ivy2/jars/commons-logging_commons-logging-1.1.3.jar at spark://41c1c71ec12e:33265/jars/commons-logging_commons-logging-1.1.3.jar with timestamp 1779211566870
[2026-05-19T17:26:07.101+0000] {subprocess.py:93} INFO - 26/05/19 17:26:07 INFO SparkContext: Added file file:///root/.ivy2/jars/org.apache.spark_spark-sql-kafka-0-10_2.12-3.5.1.jar at file:///root/.ivy2/jars/org.apache.spark_spark-sql-kafka-0-10_2.12-3.5.1.jar with timestamp 1779211566870
[2026-05-19T17:26:07.101+0000] {subprocess.py:93} INFO - 26/05/19 17:26:07 INFO Utils: Copying /root/.ivy2/jars/org.apache.spark_spark-sql-kafka-0-10_2.12-3.5.1.jar to /tmp/spark-ad8be49c-54f3-4e8b-91d2-19e584954550/userFiles-6e55627f-195e-41aa-9542-6ee3f92f1279/org.apache.spark_spark-sql-kafka-0-10_2.12-3.5.1.jar
[2026-05-19T17:26:07.105+0000] {subprocess.py:93} INFO - 26/05/19 17:26:07 INFO SparkContext: Added file file:///root/.ivy2/jars/org.apache.spark_spark-token-provider-kafka-0-10_2.12-3.5.1.jar at file:///root/.ivy2/jars/org.apache.spark_spark-token-provider-kafka-0-10_2.12-3.5.1.jar with timestamp 1779211566870
[2026-05-19T17:26:07.105+0000] {subprocess.py:93} INFO - 26/05/19 17:26:07 INFO Utils: Copying /root/.ivy2/jars/org.apache.spark_spark-token-provider-kafka-0-10_2.12-3.5.1.jar to /tmp/spark-ad8be49c-54f3-4e8b-91d2-19e584954550/userFiles-6e55627f-195e-41aa-9542-6ee3f92f1279/org.apache.spark_spark-token-provider-kafka-0-10_2.12-3.5.1.jar
[2026-05-19T17:26:07.107+0000] {subprocess.py:93} INFO - 26/05/19 17:26:07 INFO SparkContext: Added file file:///root/.ivy2/jars/org.apache.kafka_kafka-clients-3.4.1.jar at file:///root/.ivy2/jars/org.apache.kafka_kafka-clients-3.4.1.jar with timestamp 1779211566870
[2026-05-19T17:26:07.107+0000] {subprocess.py:93} INFO - 26/05/19 17:26:07 INFO Utils: Copying /root/.ivy2/jars/org.apache.kafka_kafka-clients-3.4.1.jar to /tmp/spark-ad8be49c-54f3-4e8b-91d2-19e584954550/userFiles-6e55627f-195e-41aa-9542-6ee3f92f1279/org.apache.kafka_kafka-clients-3.4.1.jar
[2026-05-19T17:26:07.110+0000] {subprocess.py:93} INFO - 26/05/19 17:26:07 INFO SparkContext: Added file file:///root/.ivy2/jars/com.google.code.findbugs_jsr305-3.0.0.jar at file:///root/.ivy2/jars/com.google.code.findbugs_jsr305-3.0.0.jar with timestamp 1779211566870
[2026-05-19T17:26:07.110+0000] {subprocess.py:93} INFO - 26/05/19 17:26:07 INFO Utils: Copying /root/.ivy2/jars/com.google.code.findbugs_jsr305-3.0.0.jar to /tmp/spark-ad8be49c-54f3-4e8b-91d2-19e584954550/userFiles-6e55627f-195e-41aa-9542-6ee3f92f1279/com.google.code.findbugs_jsr305-3.0.0.jar
[2026-05-19T17:26:07.111+0000] {subprocess.py:93} INFO - 26/05/19 17:26:07 INFO SparkContext: Added file file:///root/.ivy2/jars/org.apache.commons_commons-pool2-2.11.1.jar at file:///root/.ivy2/jars/org.apache.commons_commons-pool2-2.11.1.jar with timestamp 1779211566870
[2026-05-19T17:26:07.112+0000] {subprocess.py:93} INFO - 26/05/19 17:26:07 INFO Utils: Copying /root/.ivy2/jars/org.apache.commons_commons-pool2-2.11.1.jar to /tmp/spark-ad8be49c-54f3-4e8b-91d2-19e584954550/userFiles-6e55627f-195e-41aa-9542-6ee3f92f1279/org.apache.commons_commons-pool2-2.11.1.jar
[2026-05-19T17:26:07.113+0000] {subprocess.py:93} INFO - 26/05/19 17:26:07 INFO SparkContext: Added file file:///root/.ivy2/jars/org.apache.hadoop_hadoop-client-runtime-3.3.4.jar at file:///root/.ivy2/jars/org.apache.hadoop_hadoop-client-runtime-3.3.4.jar with timestamp 1779211566870
[2026-05-19T17:26:07.113+0000] {subprocess.py:93} INFO - 26/05/19 17:26:07 INFO Utils: Copying /root/.ivy2/jars/org.apache.hadoop_hadoop-client-runtime-3.3.4.jar to /tmp/spark-ad8be49c-54f3-4e8b-91d2-19e584954550/userFiles-6e55627f-195e-41aa-9542-6ee3f92f1279/org.apache.hadoop_hadoop-client-runtime-3.3.4.jar
[2026-05-19T17:26:07.122+0000] {subprocess.py:93} INFO - 26/05/19 17:26:07 INFO SparkContext: Added file file:///root/.ivy2/jars/org.lz4_lz4-java-1.8.0.jar at file:///root/.ivy2/jars/org.lz4_lz4-java-1.8.0.jar with timestamp 1779211566870
[2026-05-19T17:26:07.122+0000] {subprocess.py:93} INFO - 26/05/19 17:26:07 INFO Utils: Copying /root/.ivy2/jars/org.lz4_lz4-java-1.8.0.jar to /tmp/spark-ad8be49c-54f3-4e8b-91d2-19e584954550/userFiles-6e55627f-195e-41aa-9542-6ee3f92f1279/org.lz4_lz4-java-1.8.0.jar
[2026-05-19T17:26:07.123+0000] {subprocess.py:93} INFO - 26/05/19 17:26:07 INFO SparkContext: Added file file:///root/.ivy2/jars/org.xerial.snappy_snappy-java-1.1.10.3.jar at file:///root/.ivy2/jars/org.xerial.snappy_snappy-java-1.1.10.3.jar with timestamp 1779211566870
[2026-05-19T17:26:07.123+0000] {subprocess.py:93} INFO - 26/05/19 17:26:07 INFO Utils: Copying /root/.ivy2/jars/org.xerial.snappy_snappy-java-1.1.10.3.jar to /tmp/spark-ad8be49c-54f3-4e8b-91d2-19e584954550/userFiles-6e55627f-195e-41aa-9542-6ee3f92f1279/org.xerial.snappy_snappy-java-1.1.10.3.jar
[2026-05-19T17:26:07.125+0000] {subprocess.py:93} INFO - 26/05/19 17:26:07 INFO SparkContext: Added file file:///root/.ivy2/jars/org.slf4j_slf4j-api-2.0.7.jar at file:///root/.ivy2/jars/org.slf4j_slf4j-api-2.0.7.jar with timestamp 1779211566870
[2026-05-19T17:26:07.125+0000] {subprocess.py:93} INFO - 26/05/19 17:26:07 INFO Utils: Copying /root/.ivy2/jars/org.slf4j_slf4j-api-2.0.7.jar to /tmp/spark-ad8be49c-54f3-4e8b-91d2-19e584954550/userFiles-6e55627f-195e-41aa-9542-6ee3f92f1279/org.slf4j_slf4j-api-2.0.7.jar
[2026-05-19T17:26:07.126+0000] {subprocess.py:93} INFO - 26/05/19 17:26:07 INFO SparkContext: Added file file:///root/.ivy2/jars/org.apache.hadoop_hadoop-client-api-3.3.4.jar at file:///root/.ivy2/jars/org.apache.hadoop_hadoop-client-api-3.3.4.jar with timestamp 1779211566870
[2026-05-19T17:26:07.127+0000] {subprocess.py:93} INFO - 26/05/19 17:26:07 INFO Utils: Copying /root/.ivy2/jars/org.apache.hadoop_hadoop-client-api-3.3.4.jar to /tmp/spark-ad8be49c-54f3-4e8b-91d2-19e584954550/userFiles-6e55627f-195e-41aa-9542-6ee3f92f1279/org.apache.hadoop_hadoop-client-api-3.3.4.jar
[2026-05-19T17:26:07.134+0000] {subprocess.py:93} INFO - 26/05/19 17:26:07 INFO SparkContext: Added file file:///root/.ivy2/jars/commons-logging_commons-logging-1.1.3.jar at file:///root/.ivy2/jars/commons-logging_commons-logging-1.1.3.jar with timestamp 1779211566870
[2026-05-19T17:26:07.134+0000] {subprocess.py:93} INFO - 26/05/19 17:26:07 INFO Utils: Copying /root/.ivy2/jars/commons-logging_commons-logging-1.1.3.jar to /tmp/spark-ad8be49c-54f3-4e8b-91d2-19e584954550/userFiles-6e55627f-195e-41aa-9542-6ee3f92f1279/commons-logging_commons-logging-1.1.3.jar
[2026-05-19T17:26:07.154+0000] {subprocess.py:93} INFO - 26/05/19 17:26:07 INFO Executor: Starting executor ID driver on host 41c1c71ec12e
[2026-05-19T17:26:07.154+0000] {subprocess.py:93} INFO - 26/05/19 17:26:07 INFO Executor: OS info Linux, 6.12.76-linuxkit, aarch64
[2026-05-19T17:26:07.154+0000] {subprocess.py:93} INFO - 26/05/19 17:26:07 INFO Executor: Java version 11.0.22
[2026-05-19T17:26:07.155+0000] {subprocess.py:93} INFO - 26/05/19 17:26:07 INFO Executor: Starting executor with user classpath (userClassPathFirst = false): ''
[2026-05-19T17:26:07.156+0000] {subprocess.py:93} INFO - 26/05/19 17:26:07 INFO Executor: Created or updated repl class loader org.apache.spark.util.MutableURLClassLoader@50a8f7da for default.
[2026-05-19T17:26:07.159+0000] {subprocess.py:93} INFO - 26/05/19 17:26:07 INFO Executor: Fetching file:///root/.ivy2/jars/org.apache.hadoop_hadoop-client-api-3.3.4.jar with timestamp 1779211566870
[2026-05-19T17:26:07.172+0000] {subprocess.py:93} INFO - 26/05/19 17:26:07 INFO Utils: /root/.ivy2/jars/org.apache.hadoop_hadoop-client-api-3.3.4.jar has been previously copied to /tmp/spark-ad8be49c-54f3-4e8b-91d2-19e584954550/userFiles-6e55627f-195e-41aa-9542-6ee3f92f1279/org.apache.hadoop_hadoop-client-api-3.3.4.jar
[2026-05-19T17:26:07.173+0000] {subprocess.py:93} INFO - 26/05/19 17:26:07 INFO Executor: Fetching file:///root/.ivy2/jars/com.google.code.findbugs_jsr305-3.0.0.jar with timestamp 1779211566870
[2026-05-19T17:26:07.173+0000] {subprocess.py:93} INFO - 26/05/19 17:26:07 INFO Utils: /root/.ivy2/jars/com.google.code.findbugs_jsr305-3.0.0.jar has been previously copied to /tmp/spark-ad8be49c-54f3-4e8b-91d2-19e584954550/userFiles-6e55627f-195e-41aa-9542-6ee3f92f1279/com.google.code.findbugs_jsr305-3.0.0.jar
[2026-05-19T17:26:07.174+0000] {subprocess.py:93} INFO - 26/05/19 17:26:07 INFO Executor: Fetching file:///root/.ivy2/jars/org.apache.hadoop_hadoop-client-runtime-3.3.4.jar with timestamp 1779211566870
[2026-05-19T17:26:07.182+0000] {subprocess.py:93} INFO - 26/05/19 17:26:07 INFO Utils: /root/.ivy2/jars/org.apache.hadoop_hadoop-client-runtime-3.3.4.jar has been previously copied to /tmp/spark-ad8be49c-54f3-4e8b-91d2-19e584954550/userFiles-6e55627f-195e-41aa-9542-6ee3f92f1279/org.apache.hadoop_hadoop-client-runtime-3.3.4.jar
[2026-05-19T17:26:07.183+0000] {subprocess.py:93} INFO - 26/05/19 17:26:07 INFO Executor: Fetching file:///root/.ivy2/jars/org.xerial.snappy_snappy-java-1.1.10.3.jar with timestamp 1779211566870
[2026-05-19T17:26:07.184+0000] {subprocess.py:93} INFO - 26/05/19 17:26:07 INFO Utils: /root/.ivy2/jars/org.xerial.snappy_snappy-java-1.1.10.3.jar has been previously copied to /tmp/spark-ad8be49c-54f3-4e8b-91d2-19e584954550/userFiles-6e55627f-195e-41aa-9542-6ee3f92f1279/org.xerial.snappy_snappy-java-1.1.10.3.jar
[2026-05-19T17:26:07.185+0000] {subprocess.py:93} INFO - 26/05/19 17:26:07 INFO Executor: Fetching file:///root/.ivy2/jars/org.slf4j_slf4j-api-2.0.7.jar with timestamp 1779211566870
[2026-05-19T17:26:07.185+0000] {subprocess.py:93} INFO - 26/05/19 17:26:07 INFO Utils: /root/.ivy2/jars/org.slf4j_slf4j-api-2.0.7.jar has been previously copied to /tmp/spark-ad8be49c-54f3-4e8b-91d2-19e584954550/userFiles-6e55627f-195e-41aa-9542-6ee3f92f1279/org.slf4j_slf4j-api-2.0.7.jar
[2026-05-19T17:26:07.187+0000] {subprocess.py:93} INFO - 26/05/19 17:26:07 INFO Executor: Fetching file:///root/.ivy2/jars/org.apache.commons_commons-pool2-2.11.1.jar with timestamp 1779211566870
[2026-05-19T17:26:07.187+0000] {subprocess.py:93} INFO - 26/05/19 17:26:07 INFO Utils: /root/.ivy2/jars/org.apache.commons_commons-pool2-2.11.1.jar has been previously copied to /tmp/spark-ad8be49c-54f3-4e8b-91d2-19e584954550/userFiles-6e55627f-195e-41aa-9542-6ee3f92f1279/org.apache.commons_commons-pool2-2.11.1.jar
[2026-05-19T17:26:07.188+0000] {subprocess.py:93} INFO - 26/05/19 17:26:07 INFO Executor: Fetching file:///root/.ivy2/jars/org.apache.spark_spark-sql-kafka-0-10_2.12-3.5.1.jar with timestamp 1779211566870
[2026-05-19T17:26:07.188+0000] {subprocess.py:93} INFO - 26/05/19 17:26:07 INFO Utils: /root/.ivy2/jars/org.apache.spark_spark-sql-kafka-0-10_2.12-3.5.1.jar has been previously copied to /tmp/spark-ad8be49c-54f3-4e8b-91d2-19e584954550/userFiles-6e55627f-195e-41aa-9542-6ee3f92f1279/org.apache.spark_spark-sql-kafka-0-10_2.12-3.5.1.jar
[2026-05-19T17:26:07.189+0000] {subprocess.py:93} INFO - 26/05/19 17:26:07 INFO Executor: Fetching file:///root/.ivy2/jars/commons-logging_commons-logging-1.1.3.jar with timestamp 1779211566870
[2026-05-19T17:26:07.189+0000] {subprocess.py:93} INFO - 26/05/19 17:26:07 INFO Utils: /root/.ivy2/jars/commons-logging_commons-logging-1.1.3.jar has been previously copied to /tmp/spark-ad8be49c-54f3-4e8b-91d2-19e584954550/userFiles-6e55627f-195e-41aa-9542-6ee3f92f1279/commons-logging_commons-logging-1.1.3.jar
[2026-05-19T17:26:07.190+0000] {subprocess.py:93} INFO - 26/05/19 17:26:07 INFO Executor: Fetching file:///root/.ivy2/jars/org.lz4_lz4-java-1.8.0.jar with timestamp 1779211566870
[2026-05-19T17:26:07.190+0000] {subprocess.py:93} INFO - 26/05/19 17:26:07 INFO Utils: /root/.ivy2/jars/org.lz4_lz4-java-1.8.0.jar has been previously copied to /tmp/spark-ad8be49c-54f3-4e8b-91d2-19e584954550/userFiles-6e55627f-195e-41aa-9542-6ee3f92f1279/org.lz4_lz4-java-1.8.0.jar
[2026-05-19T17:26:07.191+0000] {subprocess.py:93} INFO - 26/05/19 17:26:07 INFO Executor: Fetching file:///root/.ivy2/jars/org.apache.kafka_kafka-clients-3.4.1.jar with timestamp 1779211566870
[2026-05-19T17:26:07.193+0000] {subprocess.py:93} INFO - 26/05/19 17:26:07 INFO Utils: /root/.ivy2/jars/org.apache.kafka_kafka-clients-3.4.1.jar has been previously copied to /tmp/spark-ad8be49c-54f3-4e8b-91d2-19e584954550/userFiles-6e55627f-195e-41aa-9542-6ee3f92f1279/org.apache.kafka_kafka-clients-3.4.1.jar
[2026-05-19T17:26:07.194+0000] {subprocess.py:93} INFO - 26/05/19 17:26:07 INFO Executor: Fetching file:///root/.ivy2/jars/org.apache.spark_spark-token-provider-kafka-0-10_2.12-3.5.1.jar with timestamp 1779211566870
[2026-05-19T17:26:07.194+0000] {subprocess.py:93} INFO - 26/05/19 17:26:07 INFO Utils: /root/.ivy2/jars/org.apache.spark_spark-token-provider-kafka-0-10_2.12-3.5.1.jar has been previously copied to /tmp/spark-ad8be49c-54f3-4e8b-91d2-19e584954550/userFiles-6e55627f-195e-41aa-9542-6ee3f92f1279/org.apache.spark_spark-token-provider-kafka-0-10_2.12-3.5.1.jar
[2026-05-19T17:26:07.197+0000] {subprocess.py:93} INFO - 26/05/19 17:26:07 INFO Executor: Fetching spark://41c1c71ec12e:33265/jars/com.google.code.findbugs_jsr305-3.0.0.jar with timestamp 1779211566870
[2026-05-19T17:26:07.208+0000] {subprocess.py:93} INFO - 26/05/19 17:26:07 INFO TransportClientFactory: Successfully created connection to 41c1c71ec12e/172.18.0.9:33265 after 7 ms (0 ms spent in bootstraps)
[2026-05-19T17:26:07.210+0000] {subprocess.py:93} INFO - 26/05/19 17:26:07 INFO Utils: Fetching spark://41c1c71ec12e:33265/jars/com.google.code.findbugs_jsr305-3.0.0.jar to /tmp/spark-ad8be49c-54f3-4e8b-91d2-19e584954550/userFiles-6e55627f-195e-41aa-9542-6ee3f92f1279/fetchFileTemp5678452204102439056.tmp
[2026-05-19T17:26:07.216+0000] {subprocess.py:93} INFO - 26/05/19 17:26:07 INFO Utils: /tmp/spark-ad8be49c-54f3-4e8b-91d2-19e584954550/userFiles-6e55627f-195e-41aa-9542-6ee3f92f1279/fetchFileTemp5678452204102439056.tmp has been previously copied to /tmp/spark-ad8be49c-54f3-4e8b-91d2-19e584954550/userFiles-6e55627f-195e-41aa-9542-6ee3f92f1279/com.google.code.findbugs_jsr305-3.0.0.jar
[2026-05-19T17:26:07.218+0000] {subprocess.py:93} INFO - 26/05/19 17:26:07 INFO Executor: Adding file:/tmp/spark-ad8be49c-54f3-4e8b-91d2-19e584954550/userFiles-6e55627f-195e-41aa-9542-6ee3f92f1279/com.google.code.findbugs_jsr305-3.0.0.jar to class loader default
[2026-05-19T17:26:07.218+0000] {subprocess.py:93} INFO - 26/05/19 17:26:07 INFO Executor: Fetching spark://41c1c71ec12e:33265/jars/org.apache.spark_spark-sql-kafka-0-10_2.12-3.5.1.jar with timestamp 1779211566870
[2026-05-19T17:26:07.218+0000] {subprocess.py:93} INFO - 26/05/19 17:26:07 INFO Utils: Fetching spark://41c1c71ec12e:33265/jars/org.apache.spark_spark-sql-kafka-0-10_2.12-3.5.1.jar to /tmp/spark-ad8be49c-54f3-4e8b-91d2-19e584954550/userFiles-6e55627f-195e-41aa-9542-6ee3f92f1279/fetchFileTemp11993962207305106087.tmp
[2026-05-19T17:26:07.219+0000] {subprocess.py:93} INFO - 26/05/19 17:26:07 INFO Utils: /tmp/spark-ad8be49c-54f3-4e8b-91d2-19e584954550/userFiles-6e55627f-195e-41aa-9542-6ee3f92f1279/fetchFileTemp11993962207305106087.tmp has been previously copied to /tmp/spark-ad8be49c-54f3-4e8b-91d2-19e584954550/userFiles-6e55627f-195e-41aa-9542-6ee3f92f1279/org.apache.spark_spark-sql-kafka-0-10_2.12-3.5.1.jar
[2026-05-19T17:26:07.220+0000] {subprocess.py:93} INFO - 26/05/19 17:26:07 INFO Executor: Adding file:/tmp/spark-ad8be49c-54f3-4e8b-91d2-19e584954550/userFiles-6e55627f-195e-41aa-9542-6ee3f92f1279/org.apache.spark_spark-sql-kafka-0-10_2.12-3.5.1.jar to class loader default
[2026-05-19T17:26:07.220+0000] {subprocess.py:93} INFO - 26/05/19 17:26:07 INFO Executor: Fetching spark://41c1c71ec12e:33265/jars/org.slf4j_slf4j-api-2.0.7.jar with timestamp 1779211566870
[2026-05-19T17:26:07.220+0000] {subprocess.py:93} INFO - 26/05/19 17:26:07 INFO Utils: Fetching spark://41c1c71ec12e:33265/jars/org.slf4j_slf4j-api-2.0.7.jar to /tmp/spark-ad8be49c-54f3-4e8b-91d2-19e584954550/userFiles-6e55627f-195e-41aa-9542-6ee3f92f1279/fetchFileTemp10793777603865633423.tmp
[2026-05-19T17:26:07.221+0000] {subprocess.py:93} INFO - 26/05/19 17:26:07 INFO Utils: /tmp/spark-ad8be49c-54f3-4e8b-91d2-19e584954550/userFiles-6e55627f-195e-41aa-9542-6ee3f92f1279/fetchFileTemp10793777603865633423.tmp has been previously copied to /tmp/spark-ad8be49c-54f3-4e8b-91d2-19e584954550/userFiles-6e55627f-195e-41aa-9542-6ee3f92f1279/org.slf4j_slf4j-api-2.0.7.jar
[2026-05-19T17:26:07.222+0000] {subprocess.py:93} INFO - 26/05/19 17:26:07 INFO Executor: Adding file:/tmp/spark-ad8be49c-54f3-4e8b-91d2-19e584954550/userFiles-6e55627f-195e-41aa-9542-6ee3f92f1279/org.slf4j_slf4j-api-2.0.7.jar to class loader default
[2026-05-19T17:26:07.222+0000] {subprocess.py:93} INFO - 26/05/19 17:26:07 INFO Executor: Fetching spark://41c1c71ec12e:33265/jars/org.apache.spark_spark-token-provider-kafka-0-10_2.12-3.5.1.jar with timestamp 1779211566870
[2026-05-19T17:26:07.222+0000] {subprocess.py:93} INFO - 26/05/19 17:26:07 INFO Utils: Fetching spark://41c1c71ec12e:33265/jars/org.apache.spark_spark-token-provider-kafka-0-10_2.12-3.5.1.jar to /tmp/spark-ad8be49c-54f3-4e8b-91d2-19e584954550/userFiles-6e55627f-195e-41aa-9542-6ee3f92f1279/fetchFileTemp16865876785131538608.tmp
[2026-05-19T17:26:07.223+0000] {subprocess.py:93} INFO - 26/05/19 17:26:07 INFO Utils: /tmp/spark-ad8be49c-54f3-4e8b-91d2-19e584954550/userFiles-6e55627f-195e-41aa-9542-6ee3f92f1279/fetchFileTemp16865876785131538608.tmp has been previously copied to /tmp/spark-ad8be49c-54f3-4e8b-91d2-19e584954550/userFiles-6e55627f-195e-41aa-9542-6ee3f92f1279/org.apache.spark_spark-token-provider-kafka-0-10_2.12-3.5.1.jar
[2026-05-19T17:26:07.224+0000] {subprocess.py:93} INFO - 26/05/19 17:26:07 INFO Executor: Adding file:/tmp/spark-ad8be49c-54f3-4e8b-91d2-19e584954550/userFiles-6e55627f-195e-41aa-9542-6ee3f92f1279/org.apache.spark_spark-token-provider-kafka-0-10_2.12-3.5.1.jar to class loader default
[2026-05-19T17:26:07.224+0000] {subprocess.py:93} INFO - 26/05/19 17:26:07 INFO Executor: Fetching spark://41c1c71ec12e:33265/jars/org.apache.hadoop_hadoop-client-api-3.3.4.jar with timestamp 1779211566870
[2026-05-19T17:26:07.224+0000] {subprocess.py:93} INFO - 26/05/19 17:26:07 INFO Utils: Fetching spark://41c1c71ec12e:33265/jars/org.apache.hadoop_hadoop-client-api-3.3.4.jar to /tmp/spark-ad8be49c-54f3-4e8b-91d2-19e584954550/userFiles-6e55627f-195e-41aa-9542-6ee3f92f1279/fetchFileTemp13307167069108854564.tmp
[2026-05-19T17:26:07.247+0000] {subprocess.py:93} INFO - 26/05/19 17:26:07 INFO Utils: /tmp/spark-ad8be49c-54f3-4e8b-91d2-19e584954550/userFiles-6e55627f-195e-41aa-9542-6ee3f92f1279/fetchFileTemp13307167069108854564.tmp has been previously copied to /tmp/spark-ad8be49c-54f3-4e8b-91d2-19e584954550/userFiles-6e55627f-195e-41aa-9542-6ee3f92f1279/org.apache.hadoop_hadoop-client-api-3.3.4.jar
[2026-05-19T17:26:07.248+0000] {subprocess.py:93} INFO - 26/05/19 17:26:07 INFO Executor: Adding file:/tmp/spark-ad8be49c-54f3-4e8b-91d2-19e584954550/userFiles-6e55627f-195e-41aa-9542-6ee3f92f1279/org.apache.hadoop_hadoop-client-api-3.3.4.jar to class loader default
[2026-05-19T17:26:07.249+0000] {subprocess.py:93} INFO - 26/05/19 17:26:07 INFO Executor: Fetching spark://41c1c71ec12e:33265/jars/org.apache.kafka_kafka-clients-3.4.1.jar with timestamp 1779211566870
[2026-05-19T17:26:07.249+0000] {subprocess.py:93} INFO - 26/05/19 17:26:07 INFO Utils: Fetching spark://41c1c71ec12e:33265/jars/org.apache.kafka_kafka-clients-3.4.1.jar to /tmp/spark-ad8be49c-54f3-4e8b-91d2-19e584954550/userFiles-6e55627f-195e-41aa-9542-6ee3f92f1279/fetchFileTemp11539111212368224103.tmp
[2026-05-19T17:26:07.254+0000] {subprocess.py:93} INFO - 26/05/19 17:26:07 INFO Utils: /tmp/spark-ad8be49c-54f3-4e8b-91d2-19e584954550/userFiles-6e55627f-195e-41aa-9542-6ee3f92f1279/fetchFileTemp11539111212368224103.tmp has been previously copied to /tmp/spark-ad8be49c-54f3-4e8b-91d2-19e584954550/userFiles-6e55627f-195e-41aa-9542-6ee3f92f1279/org.apache.kafka_kafka-clients-3.4.1.jar
[2026-05-19T17:26:07.255+0000] {subprocess.py:93} INFO - 26/05/19 17:26:07 INFO Executor: Adding file:/tmp/spark-ad8be49c-54f3-4e8b-91d2-19e584954550/userFiles-6e55627f-195e-41aa-9542-6ee3f92f1279/org.apache.kafka_kafka-clients-3.4.1.jar to class loader default
[2026-05-19T17:26:07.255+0000] {subprocess.py:93} INFO - 26/05/19 17:26:07 INFO Executor: Fetching spark://41c1c71ec12e:33265/jars/org.lz4_lz4-java-1.8.0.jar with timestamp 1779211566870
[2026-05-19T17:26:07.255+0000] {subprocess.py:93} INFO - 26/05/19 17:26:07 INFO Utils: Fetching spark://41c1c71ec12e:33265/jars/org.lz4_lz4-java-1.8.0.jar to /tmp/spark-ad8be49c-54f3-4e8b-91d2-19e584954550/userFiles-6e55627f-195e-41aa-9542-6ee3f92f1279/fetchFileTemp5354610998741306116.tmp
[2026-05-19T17:26:07.256+0000] {subprocess.py:93} INFO - 26/05/19 17:26:07 INFO Utils: /tmp/spark-ad8be49c-54f3-4e8b-91d2-19e584954550/userFiles-6e55627f-195e-41aa-9542-6ee3f92f1279/fetchFileTemp5354610998741306116.tmp has been previously copied to /tmp/spark-ad8be49c-54f3-4e8b-91d2-19e584954550/userFiles-6e55627f-195e-41aa-9542-6ee3f92f1279/org.lz4_lz4-java-1.8.0.jar
[2026-05-19T17:26:07.257+0000] {subprocess.py:93} INFO - 26/05/19 17:26:07 INFO Executor: Adding file:/tmp/spark-ad8be49c-54f3-4e8b-91d2-19e584954550/userFiles-6e55627f-195e-41aa-9542-6ee3f92f1279/org.lz4_lz4-java-1.8.0.jar to class loader default
[2026-05-19T17:26:07.257+0000] {subprocess.py:93} INFO - 26/05/19 17:26:07 INFO Executor: Fetching spark://41c1c71ec12e:33265/jars/commons-logging_commons-logging-1.1.3.jar with timestamp 1779211566870
[2026-05-19T17:26:07.257+0000] {subprocess.py:93} INFO - 26/05/19 17:26:07 INFO Utils: Fetching spark://41c1c71ec12e:33265/jars/commons-logging_commons-logging-1.1.3.jar to /tmp/spark-ad8be49c-54f3-4e8b-91d2-19e584954550/userFiles-6e55627f-195e-41aa-9542-6ee3f92f1279/fetchFileTemp79248959385111411.tmp
[2026-05-19T17:26:07.258+0000] {subprocess.py:93} INFO - 26/05/19 17:26:07 INFO Utils: /tmp/spark-ad8be49c-54f3-4e8b-91d2-19e584954550/userFiles-6e55627f-195e-41aa-9542-6ee3f92f1279/fetchFileTemp79248959385111411.tmp has been previously copied to /tmp/spark-ad8be49c-54f3-4e8b-91d2-19e584954550/userFiles-6e55627f-195e-41aa-9542-6ee3f92f1279/commons-logging_commons-logging-1.1.3.jar
[2026-05-19T17:26:07.260+0000] {subprocess.py:93} INFO - 26/05/19 17:26:07 INFO Executor: Adding file:/tmp/spark-ad8be49c-54f3-4e8b-91d2-19e584954550/userFiles-6e55627f-195e-41aa-9542-6ee3f92f1279/commons-logging_commons-logging-1.1.3.jar to class loader default
[2026-05-19T17:26:07.260+0000] {subprocess.py:93} INFO - 26/05/19 17:26:07 INFO Executor: Fetching spark://41c1c71ec12e:33265/jars/org.xerial.snappy_snappy-java-1.1.10.3.jar with timestamp 1779211566870
[2026-05-19T17:26:07.260+0000] {subprocess.py:93} INFO - 26/05/19 17:26:07 INFO Utils: Fetching spark://41c1c71ec12e:33265/jars/org.xerial.snappy_snappy-java-1.1.10.3.jar to /tmp/spark-ad8be49c-54f3-4e8b-91d2-19e584954550/userFiles-6e55627f-195e-41aa-9542-6ee3f92f1279/fetchFileTemp15165247970981708273.tmp
[2026-05-19T17:26:07.262+0000] {subprocess.py:93} INFO - 26/05/19 17:26:07 INFO Utils: /tmp/spark-ad8be49c-54f3-4e8b-91d2-19e584954550/userFiles-6e55627f-195e-41aa-9542-6ee3f92f1279/fetchFileTemp15165247970981708273.tmp has been previously copied to /tmp/spark-ad8be49c-54f3-4e8b-91d2-19e584954550/userFiles-6e55627f-195e-41aa-9542-6ee3f92f1279/org.xerial.snappy_snappy-java-1.1.10.3.jar
[2026-05-19T17:26:07.263+0000] {subprocess.py:93} INFO - 26/05/19 17:26:07 INFO Executor: Adding file:/tmp/spark-ad8be49c-54f3-4e8b-91d2-19e584954550/userFiles-6e55627f-195e-41aa-9542-6ee3f92f1279/org.xerial.snappy_snappy-java-1.1.10.3.jar to class loader default
[2026-05-19T17:26:07.263+0000] {subprocess.py:93} INFO - 26/05/19 17:26:07 INFO Executor: Fetching spark://41c1c71ec12e:33265/jars/org.apache.hadoop_hadoop-client-runtime-3.3.4.jar with timestamp 1779211566870
[2026-05-19T17:26:07.263+0000] {subprocess.py:93} INFO - 26/05/19 17:26:07 INFO Utils: Fetching spark://41c1c71ec12e:33265/jars/org.apache.hadoop_hadoop-client-runtime-3.3.4.jar to /tmp/spark-ad8be49c-54f3-4e8b-91d2-19e584954550/userFiles-6e55627f-195e-41aa-9542-6ee3f92f1279/fetchFileTemp10520363494241841201.tmp
[2026-05-19T17:26:07.295+0000] {subprocess.py:93} INFO - 26/05/19 17:26:07 INFO Utils: /tmp/spark-ad8be49c-54f3-4e8b-91d2-19e584954550/userFiles-6e55627f-195e-41aa-9542-6ee3f92f1279/fetchFileTemp10520363494241841201.tmp has been previously copied to /tmp/spark-ad8be49c-54f3-4e8b-91d2-19e584954550/userFiles-6e55627f-195e-41aa-9542-6ee3f92f1279/org.apache.hadoop_hadoop-client-runtime-3.3.4.jar
[2026-05-19T17:26:07.297+0000] {subprocess.py:93} INFO - 26/05/19 17:26:07 INFO Executor: Adding file:/tmp/spark-ad8be49c-54f3-4e8b-91d2-19e584954550/userFiles-6e55627f-195e-41aa-9542-6ee3f92f1279/org.apache.hadoop_hadoop-client-runtime-3.3.4.jar to class loader default
[2026-05-19T17:26:07.297+0000] {subprocess.py:93} INFO - 26/05/19 17:26:07 INFO Executor: Fetching spark://41c1c71ec12e:33265/jars/org.apache.commons_commons-pool2-2.11.1.jar with timestamp 1779211566870
[2026-05-19T17:26:07.297+0000] {subprocess.py:93} INFO - 26/05/19 17:26:07 INFO Utils: Fetching spark://41c1c71ec12e:33265/jars/org.apache.commons_commons-pool2-2.11.1.jar to /tmp/spark-ad8be49c-54f3-4e8b-91d2-19e584954550/userFiles-6e55627f-195e-41aa-9542-6ee3f92f1279/fetchFileTemp18302670071495730928.tmp
[2026-05-19T17:26:07.298+0000] {subprocess.py:93} INFO - 26/05/19 17:26:07 INFO Utils: /tmp/spark-ad8be49c-54f3-4e8b-91d2-19e584954550/userFiles-6e55627f-195e-41aa-9542-6ee3f92f1279/fetchFileTemp18302670071495730928.tmp has been previously copied to /tmp/spark-ad8be49c-54f3-4e8b-91d2-19e584954550/userFiles-6e55627f-195e-41aa-9542-6ee3f92f1279/org.apache.commons_commons-pool2-2.11.1.jar
[2026-05-19T17:26:07.299+0000] {subprocess.py:93} INFO - 26/05/19 17:26:07 INFO Executor: Adding file:/tmp/spark-ad8be49c-54f3-4e8b-91d2-19e584954550/userFiles-6e55627f-195e-41aa-9542-6ee3f92f1279/org.apache.commons_commons-pool2-2.11.1.jar to class loader default
[2026-05-19T17:26:07.302+0000] {subprocess.py:93} INFO - 26/05/19 17:26:07 INFO Utils: Successfully started service 'org.apache.spark.network.netty.NettyBlockTransferService' on port 44005.
[2026-05-19T17:26:07.302+0000] {subprocess.py:93} INFO - 26/05/19 17:26:07 INFO NettyBlockTransferService: Server created on 41c1c71ec12e:44005
[2026-05-19T17:26:07.303+0000] {subprocess.py:93} INFO - 26/05/19 17:26:07 INFO BlockManager: Using org.apache.spark.storage.RandomBlockReplicationPolicy for block replication policy
[2026-05-19T17:26:07.305+0000] {subprocess.py:93} INFO - 26/05/19 17:26:07 INFO BlockManagerMaster: Registering BlockManager BlockManagerId(driver, 41c1c71ec12e, 44005, None)
[2026-05-19T17:26:07.306+0000] {subprocess.py:93} INFO - 26/05/19 17:26:07 INFO BlockManagerMasterEndpoint: Registering block manager 41c1c71ec12e:44005 with 434.4 MiB RAM, BlockManagerId(driver, 41c1c71ec12e, 44005, None)
[2026-05-19T17:26:07.307+0000] {subprocess.py:93} INFO - 26/05/19 17:26:07 INFO BlockManagerMaster: Registered BlockManager BlockManagerId(driver, 41c1c71ec12e, 44005, None)
[2026-05-19T17:26:07.307+0000] {subprocess.py:93} INFO - 26/05/19 17:26:07 INFO BlockManager: Initialized BlockManager: BlockManagerId(driver, 41c1c71ec12e, 44005, None)
[2026-05-19T17:26:08.156+0000] {subprocess.py:93} INFO - 26/05/19 17:26:08 WARN AdminClientConfig: These configurations '[key.deserializer, value.deserializer, enable.auto.commit, max.poll.records, auto.offset.reset]' were supplied but are not used yet.
[2026-05-19T17:26:09.720+0000] {subprocess.py:93} INFO - 📨 Records read from Kafka topic 'news_articles': 50
[2026-05-19T17:26:09.814+0000] {subprocess.py:93} INFO - 26/05/19 17:26:09 WARN AdminClientConfig: These configurations '[key.deserializer, value.deserializer, enable.auto.commit, max.poll.records, auto.offset.reset]' were supplied but are not used yet.
[2026-05-19T17:26:10.371+0000] {subprocess.py:93} INFO - ✅ Records after JSON parsing: 50
[2026-05-19T17:26:10.415+0000] {subprocess.py:93} INFO - 26/05/19 17:26:10 WARN AdminClientConfig: These configurations '[key.deserializer, value.deserializer, enable.auto.commit, max.poll.records, auto.offset.reset]' were supplied but are not used yet.
[2026-05-19T17:26:11.102+0000] {subprocess.py:93} INFO - +-------------------+--------------------+--------------------+--------------------+--------------------+--------------------+--------------------+--------------------+--------------------+
[2026-05-19T17:26:11.102+0000] {subprocess.py:93} INFO - |             source|              author|               title|         description|                 url|        published_at|             content|          fetched_at|     text_to_analyze|
[2026-05-19T17:26:11.103+0000] {subprocess.py:93} INFO - +-------------------+--------------------+--------------------+--------------------+--------------------+--------------------+--------------------+--------------------+--------------------+
[2026-05-19T17:26:11.103+0000] {subprocess.py:93} INFO - |  Notebookcheck.net|       Polly Allcock|Ugreen releases t...|The Ugreen Nexode...|https://www.noteb...|2026-05-18T17:25:00Z|Three more versio...|2026-05-19T17:25:...|Three more versio...|
[2026-05-19T17:26:11.103+0000] {subprocess.py:93} INFO - |Gossiplankanews.com|noreply@blogger.c...|AI criticism for ...|New entrepreneurs...|https://english.g...|2026-05-18T17:21:08Z|New entrepreneurs...|2026-05-19T17:25:...|New entrepreneurs...|
[2026-05-19T17:26:11.103+0000] {subprocess.py:93} INFO - |         Github.com|      SphericalCowww|Show HN: Cubic Do...|This is a recipe ...|https://github.co...|2026-05-18T17:20:45Z|Building from scr...|2026-05-19T17:25:...|Building from scr...|
[2026-05-19T17:26:11.103+0000] {subprocess.py:93} INFO - |Gossiplankanews.com|noreply@blogger.c...|Due to AI, jobs a...|The rapid growth ...|https://english.g...|2026-05-18T17:20:20Z|The rapid growth ...|2026-05-19T17:25:...|The rapid growth ...|
[2026-05-19T17:26:11.103+0000] {subprocess.py:93} INFO - |      GlobeNewswire|          Funds Coin|Funds Coin Announ...|Funds Coin, a pro...|https://www.globe...|2026-05-18T17:20:00Z|LOS ANGELES, May ...|2026-05-19T17:25:...|LOS ANGELES, May ...|
[2026-05-19T17:26:11.103+0000] {subprocess.py:93} INFO - +-------------------+--------------------+--------------------+--------------------+--------------------+--------------------+--------------------+--------------------+--------------------+
[2026-05-19T17:26:11.104+0000] {subprocess.py:93} INFO - only showing top 5 rows
[2026-05-19T17:26:11.104+0000] {subprocess.py:93} INFO - 
[2026-05-19T17:26:11.162+0000] {subprocess.py:93} INFO - 26/05/19 17:26:11 WARN AdminClientConfig: These configurations '[key.deserializer, value.deserializer, enable.auto.commit, max.poll.records, auto.offset.reset]' were supplied but are not used yet.
[2026-05-19T17:26:11.579+0000] {subprocess.py:93} INFO - 26/05/19 17:26:11 WARN KafkaDataConsumer: KafkaDataConsumer is not running in UninterruptibleThread. It may hang when KafkaDataConsumer's methods are interrupted because of KAFKA-1894
[2026-05-19T17:26:12.105+0000] {subprocess.py:93} INFO - 26/05/19 17:26:12 WARN KafkaDataConsumer: KafkaDataConsumer is not running in UninterruptibleThread. It may hang when KafkaDataConsumer's methods are interrupted because of KAFKA-1894
[2026-05-19T17:26:12.106+0000] {subprocess.py:93} INFO - 26/05/19 17:26:12 WARN KafkaDataConsumer: KafkaDataConsumer is not running in UninterruptibleThread. It may hang when KafkaDataConsumer's methods are interrupted because of KAFKA-1894
[2026-05-19T17:26:12.109+0000] {subprocess.py:93} INFO - 26/05/19 17:26:12 WARN KafkaDataConsumer: KafkaDataConsumer is not running in UninterruptibleThread. It may hang when KafkaDataConsumer's methods are interrupted because of KAFKA-1894
[2026-05-19T17:26:12.112+0000] {subprocess.py:93} INFO - 26/05/19 17:26:12 WARN KafkaDataConsumer: KafkaDataConsumer is not running in UninterruptibleThread. It may hang when KafkaDataConsumer's methods are interrupted because of KAFKA-1894
[2026-05-19T17:26:12.113+0000] {subprocess.py:93} INFO - 26/05/19 17:26:12 WARN KafkaDataConsumer: KafkaDataConsumer is not running in UninterruptibleThread. It may hang when KafkaDataConsumer's methods are interrupted because of KAFKA-1894
[2026-05-19T17:26:12.114+0000] {subprocess.py:93} INFO - 26/05/19 17:26:12 WARN KafkaDataConsumer: KafkaDataConsumer is not running in UninterruptibleThread. It may hang when KafkaDataConsumer's methods are interrupted because of KAFKA-1894
[2026-05-19T17:26:12.115+0000] {subprocess.py:93} INFO - 26/05/19 17:26:12 WARN KafkaDataConsumer: KafkaDataConsumer is not running in UninterruptibleThread. It may hang when KafkaDataConsumer's methods are interrupted because of KAFKA-1894
[2026-05-19T17:26:12.116+0000] {subprocess.py:93} INFO - 26/05/19 17:26:12 WARN KafkaDataConsumer: KafkaDataConsumer is not running in UninterruptibleThread. It may hang when KafkaDataConsumer's methods are interrupted because of KAFKA-1894
[2026-05-19T17:26:12.126+0000] {subprocess.py:93} INFO - 26/05/19 17:26:12 WARN KafkaDataConsumer: KafkaDataConsumer is not running in UninterruptibleThread. It may hang when KafkaDataConsumer's methods are interrupted because of KAFKA-1894
[2026-05-19T17:26:12.127+0000] {subprocess.py:93} INFO - 26/05/19 17:26:12 WARN KafkaDataConsumer: KafkaDataConsumer is not running in UninterruptibleThread. It may hang when KafkaDataConsumer's methods are interrupted because of KAFKA-1894
[2026-05-19T17:26:12.128+0000] {subprocess.py:93} INFO - 26/05/19 17:26:12 WARN KafkaDataConsumer: KafkaDataConsumer is not running in UninterruptibleThread. It may hang when KafkaDataConsumer's methods are interrupted because of KAFKA-1894
[2026-05-19T17:26:12.129+0000] {subprocess.py:93} INFO - 26/05/19 17:26:12 WARN KafkaDataConsumer: KafkaDataConsumer is not running in UninterruptibleThread. It may hang when KafkaDataConsumer's methods are interrupted because of KAFKA-1894
[2026-05-19T17:26:12.130+0000] {subprocess.py:93} INFO - 26/05/19 17:26:12 WARN KafkaDataConsumer: KafkaDataConsumer is not running in UninterruptibleThread. It may hang when KafkaDataConsumer's methods are interrupted because of KAFKA-1894
[2026-05-19T17:26:12.131+0000] {subprocess.py:93} INFO - 26/05/19 17:26:12 WARN KafkaDataConsumer: KafkaDataConsumer is not running in UninterruptibleThread. It may hang when KafkaDataConsumer's methods are interrupted because of KAFKA-1894
[2026-05-19T17:26:12.132+0000] {subprocess.py:93} INFO - 26/05/19 17:26:12 WARN KafkaDataConsumer: KafkaDataConsumer is not running in UninterruptibleThread. It may hang when KafkaDataConsumer's methods are interrupted because of KAFKA-1894
[2026-05-19T17:26:12.134+0000] {subprocess.py:93} INFO - 26/05/19 17:26:12 WARN KafkaDataConsumer: KafkaDataConsumer is not running in UninterruptibleThread. It may hang when KafkaDataConsumer's methods are interrupted because of KAFKA-1894
[2026-05-19T17:26:12.135+0000] {subprocess.py:93} INFO - 26/05/19 17:26:12 WARN KafkaDataConsumer: KafkaDataConsumer is not running in UninterruptibleThread. It may hang when KafkaDataConsumer's methods are interrupted because of KAFKA-1894
[2026-05-19T17:26:12.136+0000] {subprocess.py:93} INFO - 26/05/19 17:26:12 WARN KafkaDataConsumer: KafkaDataConsumer is not running in UninterruptibleThread. It may hang when KafkaDataConsumer's methods are interrupted because of KAFKA-1894
[2026-05-19T17:26:12.137+0000] {subprocess.py:93} INFO - 26/05/19 17:26:12 WARN KafkaDataConsumer: KafkaDataConsumer is not running in UninterruptibleThread. It may hang when KafkaDataConsumer's methods are interrupted because of KAFKA-1894
[2026-05-19T17:26:12.138+0000] {subprocess.py:93} INFO - 26/05/19 17:26:12 WARN KafkaDataConsumer: KafkaDataConsumer is not running in UninterruptibleThread. It may hang when KafkaDataConsumer's methods are interrupted because of KAFKA-1894
[2026-05-19T17:26:12.141+0000] {subprocess.py:93} INFO - 26/05/19 17:26:12 WARN KafkaDataConsumer: KafkaDataConsumer is not running in UninterruptibleThread. It may hang when KafkaDataConsumer's methods are interrupted because of KAFKA-1894
[2026-05-19T17:26:12.142+0000] {subprocess.py:93} INFO - 26/05/19 17:26:12 WARN KafkaDataConsumer: KafkaDataConsumer is not running in UninterruptibleThread. It may hang when KafkaDataConsumer's methods are interrupted because of KAFKA-1894
[2026-05-19T17:26:12.143+0000] {subprocess.py:93} INFO - 26/05/19 17:26:12 WARN KafkaDataConsumer: KafkaDataConsumer is not running in UninterruptibleThread. It may hang when KafkaDataConsumer's methods are interrupted because of KAFKA-1894
[2026-05-19T17:26:12.144+0000] {subprocess.py:93} INFO - 26/05/19 17:26:12 WARN KafkaDataConsumer: KafkaDataConsumer is not running in UninterruptibleThread. It may hang when KafkaDataConsumer's methods are interrupted because of KAFKA-1894
[2026-05-19T17:26:12.145+0000] {subprocess.py:93} INFO - 26/05/19 17:26:12 WARN KafkaDataConsumer: KafkaDataConsumer is not running in UninterruptibleThread. It may hang when KafkaDataConsumer's methods are interrupted because of KAFKA-1894
[2026-05-19T17:26:12.146+0000] {subprocess.py:93} INFO - 26/05/19 17:26:12 WARN KafkaDataConsumer: KafkaDataConsumer is not running in UninterruptibleThread. It may hang when KafkaDataConsumer's methods are interrupted because of KAFKA-1894
[2026-05-19T17:26:12.147+0000] {subprocess.py:93} INFO - 26/05/19 17:26:12 WARN KafkaDataConsumer: KafkaDataConsumer is not running in UninterruptibleThread. It may hang when KafkaDataConsumer's methods are interrupted because of KAFKA-1894
[2026-05-19T17:26:12.151+0000] {subprocess.py:93} INFO - 26/05/19 17:26:12 WARN KafkaDataConsumer: KafkaDataConsumer is not running in UninterruptibleThread. It may hang when KafkaDataConsumer's methods are interrupted because of KAFKA-1894
[2026-05-19T17:26:12.152+0000] {subprocess.py:93} INFO - 26/05/19 17:26:12 WARN KafkaDataConsumer: KafkaDataConsumer is not running in UninterruptibleThread. It may hang when KafkaDataConsumer's methods are interrupted because of KAFKA-1894
[2026-05-19T17:26:12.153+0000] {subprocess.py:93} INFO - 26/05/19 17:26:12 WARN KafkaDataConsumer: KafkaDataConsumer is not running in UninterruptibleThread. It may hang when KafkaDataConsumer's methods are interrupted because of KAFKA-1894
[2026-05-19T17:26:12.154+0000] {subprocess.py:93} INFO - 26/05/19 17:26:12 WARN KafkaDataConsumer: KafkaDataConsumer is not running in UninterruptibleThread. It may hang when KafkaDataConsumer's methods are interrupted because of KAFKA-1894
[2026-05-19T17:26:12.155+0000] {subprocess.py:93} INFO - 26/05/19 17:26:12 WARN KafkaDataConsumer: KafkaDataConsumer is not running in UninterruptibleThread. It may hang when KafkaDataConsumer's methods are interrupted because of KAFKA-1894
[2026-05-19T17:26:12.156+0000] {subprocess.py:93} INFO - 26/05/19 17:26:12 WARN KafkaDataConsumer: KafkaDataConsumer is not running in UninterruptibleThread. It may hang when KafkaDataConsumer's methods are interrupted because of KAFKA-1894
[2026-05-19T17:26:20.171+0000] {subprocess.py:93} INFO - /usr/local/lib/python3.8/dist-packages/huggingface_hub/file_download.py:1142: FutureWarning: `resume_download` is deprecated and will be removed in version 1.0.0. Downloads always resume when possible. If you want to force a new download, use `force_download=True`.
[2026-05-19T17:26:20.171+0000] {subprocess.py:93} INFO -   warnings.warn(
[2026-05-19T17:27:04.841+0000] {subprocess.py:93} INFO - 26/05/19 17:27:04 WARN BasicWriteTaskStatsTracker: Expected 1 files, but only saw 0. This could be due to the output format not writing empty files, or files being not immediately visible in the filesystem.
[2026-05-19T17:27:04.877+0000] {subprocess.py:93} INFO - ✅ Sentiment analysis complete. Results saved to /results/sentiments
[2026-05-19T17:27:06.268+0000] {subprocess.py:93} INFO - ML sentiment analysis complete
[2026-05-19T17:27:06.270+0000] {subprocess.py:97} INFO - Command exited with return code 0
[2026-05-19T17:27:06.285+0000] {taskinstance.py:340} INFO - ::group::Post task execution logs
[2026-05-19T17:27:06.285+0000] {taskinstance.py:352} INFO - Marking task as SUCCESS. dag_id=batch_kafka_spark_pipeline, task_id=run_ml_sentiment_analysis, run_id=manual__2026-05-19T17:25:39.993381+00:00, execution_date=20260519T172539, start_date=20260519T172543, end_date=20260519T172706
[2026-05-19T17:27:06.328+0000] {local_task_job_runner.py:266} INFO - Task exited with return code 0
[2026-05-19T17:27:06.336+0000] {taskinstance.py:3900} INFO - 0 downstream tasks scheduled from follow-on schedule check
[2026-05-19T17:27:06.336+0000] {local_task_job_runner.py:245} INFO - ::endgroup::
